{
    "stack_alignment": {
        "content": [
            "sbs.json:md5,054f24c7a9c25798a4eea32f4e4bcde0"
        ],
        "meta": {
            "nf-test": "0.9.3",
            "nextflow": "25.04.6"
        },
        "timestamp": "2025-12-31T17:58:56.352042958"
    },
    "stub": {
        "content": [
            {
                "0": [
                    "test.json:md5,d41d8cd98f00b204e9800998ecf8427e"
                ],
                "json_transform": [
                    "test.json:md5,d41d8cd98f00b204e9800998ecf8427e"
                ]
            }
        ],
        "meta": {
            "nf-test": "0.9.3",
            "nextflow": "25.04.6"
        },
        "timestamp": "2025-12-31T17:59:05.139263188"
    }
}