{
    "stack_alignment_sbs": {
        "content": [
            "sbs.json:md5,054f24c7a9c25798a4eea32f4e4bcde0"
        ],
        "meta": {
            "nf-test": "0.9.3",
            "nextflow": "25.04.6"
        },
        "timestamp": "2026-01-05T10:07:40.244910037"
    },
    "stack_alignment_nsbs": {
        "content": [
            "nsbs.json:md5,91414cdb2c2ebf1e13da40790ca85c30"
        ],
        "meta": {
            "nf-test": "0.9.3",
            "nextflow": "25.04.6"
        },
        "timestamp": "2026-01-05T10:08:06.225294778"
    },
    "stub": {
        "content": [
            {
                "0": [
                    "test.json:md5,d41d8cd98f00b204e9800998ecf8427e"
                ],
                "json_transform": [
                    "test.json:md5,d41d8cd98f00b204e9800998ecf8427e"
                ]
            }
        ],
        "meta": {
            "nf-test": "0.9.3",
            "nextflow": "25.04.6"
        },
        "timestamp": "2026-01-05T10:08:16.805119969"
    }
}